Archive member included because of file (symbol)

c:/freescale/kds_v3/toolchain/bin/../lib/gcc/arm-none-eabi/4.8.4/armv6-m\libgcc.a(_udivsi3.o)
                              ./Sources/conversion.o (__aeabi_uidiv)
c:/freescale/kds_v3/toolchain/bin/../lib/gcc/arm-none-eabi/4.8.4/armv6-m\libgcc.a(_dvmd_tls.o)
                              c:/freescale/kds_v3/toolchain/bin/../lib/gcc/arm-none-eabi/4.8.4/armv6-m\libgcc.a(_udivsi3.o) (__aeabi_idiv0)
c:/freescale/kds_v3/toolchain/bin/../lib/gcc/arm-none-eabi/4.8.4/armv6-m\libgcc.a(_fixunsdfsi.o)
                              ./Sources/profile.o (__aeabi_d2uiz)
c:/freescale/kds_v3/toolchain/bin/../lib/gcc/arm-none-eabi/4.8.4/armv6-m\libgcc.a(muldf3.o)
                              ./Sources/profile.o (__aeabi_dmul)
c:/freescale/kds_v3/toolchain/bin/../lib/gcc/arm-none-eabi/4.8.4/armv6-m\libgcc.a(subdf3.o)
                              c:/freescale/kds_v3/toolchain/bin/../lib/gcc/arm-none-eabi/4.8.4/armv6-m\libgcc.a(_fixunsdfsi.o) (__aeabi_dsub)
c:/freescale/kds_v3/toolchain/bin/../lib/gcc/arm-none-eabi/4.8.4/armv6-m\libgcc.a(fixdfsi.o)
                              c:/freescale/kds_v3/toolchain/bin/../lib/gcc/arm-none-eabi/4.8.4/armv6-m\libgcc.a(_fixunsdfsi.o) (__aeabi_d2iz)
c:/freescale/kds_v3/toolchain/bin/../lib/gcc/arm-none-eabi/4.8.4/armv6-m\libgcc.a(floatunsidf.o)
                              ./Sources/profile.o (__aeabi_ui2d)
c:/freescale/kds_v3/toolchain/bin/../lib/gcc/arm-none-eabi/4.8.4/armv6-m\libgcc.a(_arm_cmpdf2.o)
                              c:/freescale/kds_v3/toolchain/bin/../lib/gcc/arm-none-eabi/4.8.4/armv6-m\libgcc.a(_fixunsdfsi.o) (__aeabi_dcmpge)
c:/freescale/kds_v3/toolchain/bin/../lib/gcc/arm-none-eabi/4.8.4/armv6-m\libgcc.a(_clzsi2.o)
                              c:/freescale/kds_v3/toolchain/bin/../lib/gcc/arm-none-eabi/4.8.4/armv6-m\libgcc.a(muldf3.o) (__clzsi2)
c:/freescale/kds_v3/toolchain/bin/../lib/gcc/arm-none-eabi/4.8.4/armv6-m\libgcc.a(eqdf2.o)
                              c:/freescale/kds_v3/toolchain/bin/../lib/gcc/arm-none-eabi/4.8.4/armv6-m\libgcc.a(_arm_cmpdf2.o) (__eqdf2)
c:/freescale/kds_v3/toolchain/bin/../lib/gcc/arm-none-eabi/4.8.4/armv6-m\libgcc.a(gedf2.o)
                              c:/freescale/kds_v3/toolchain/bin/../lib/gcc/arm-none-eabi/4.8.4/armv6-m\libgcc.a(_arm_cmpdf2.o) (__gedf2)
c:/freescale/kds_v3/toolchain/bin/../lib/gcc/arm-none-eabi/4.8.4/armv6-m\libgcc.a(ledf2.o)
                              c:/freescale/kds_v3/toolchain/bin/../lib/gcc/arm-none-eabi/4.8.4/armv6-m\libgcc.a(_arm_cmpdf2.o) (__ledf2)
c:/freescale/kds_v3/toolchain/bin/../lib/gcc/arm-none-eabi/4.8.4/../../../../arm-none-eabi/lib/armv6-m\libg_s.a(lib_a-exit.o)
                              c:/freescale/kds_v3/toolchain/bin/../lib/gcc/arm-none-eabi/4.8.4/../../../../arm-none-eabi/lib/armv6-m/crt0.o (exit)
c:/freescale/kds_v3/toolchain/bin/../lib/gcc/arm-none-eabi/4.8.4/../../../../arm-none-eabi/lib/armv6-m\libg_s.a(lib_a-impure.o)
                              c:/freescale/kds_v3/toolchain/bin/../lib/gcc/arm-none-eabi/4.8.4/../../../../arm-none-eabi/lib/armv6-m\libg_s.a(lib_a-exit.o) (_global_impure_ptr)
c:/freescale/kds_v3/toolchain/bin/../lib/gcc/arm-none-eabi/4.8.4/../../../../arm-none-eabi/lib/armv6-m\libg_s.a(lib_a-init.o)
                              c:/freescale/kds_v3/toolchain/bin/../lib/gcc/arm-none-eabi/4.8.4/../../../../arm-none-eabi/lib/armv6-m/crt0.o (__libc_init_array)
c:/freescale/kds_v3/toolchain/bin/../lib/gcc/arm-none-eabi/4.8.4/../../../../arm-none-eabi/lib/armv6-m\libg_s.a(lib_a-malloc.o)
                              ./Sources/circbuf.o (malloc)
c:/freescale/kds_v3/toolchain/bin/../lib/gcc/arm-none-eabi/4.8.4/../../../../arm-none-eabi/lib/armv6-m\libg_s.a(lib_a-memcpy-stub.o)
                              ./Sources/project1.o (memcpy)
c:/freescale/kds_v3/toolchain/bin/../lib/gcc/arm-none-eabi/4.8.4/../../../../arm-none-eabi/lib/armv6-m\libg_s.a(lib_a-memset.o)
                              c:/freescale/kds_v3/toolchain/bin/../lib/gcc/arm-none-eabi/4.8.4/../../../../arm-none-eabi/lib/armv6-m/crt0.o (memset)
c:/freescale/kds_v3/toolchain/bin/../lib/gcc/arm-none-eabi/4.8.4/../../../../arm-none-eabi/lib/armv6-m\libg_s.a(lib_a-nano-freer.o)
                              c:/freescale/kds_v3/toolchain/bin/../lib/gcc/arm-none-eabi/4.8.4/../../../../arm-none-eabi/lib/armv6-m\libg_s.a(lib_a-malloc.o) (_free_r)
c:/freescale/kds_v3/toolchain/bin/../lib/gcc/arm-none-eabi/4.8.4/../../../../arm-none-eabi/lib/armv6-m\libg_s.a(lib_a-nano-mallocr.o)
                              c:/freescale/kds_v3/toolchain/bin/../lib/gcc/arm-none-eabi/4.8.4/../../../../arm-none-eabi/lib/armv6-m\libg_s.a(lib_a-malloc.o) (_malloc_r)
c:/freescale/kds_v3/toolchain/bin/../lib/gcc/arm-none-eabi/4.8.4/../../../../arm-none-eabi/lib/armv6-m\libg_s.a(lib_a-printf.o)
                              ./Sources/logger.o (printf)
[...]
Memory Configuration

Name             Origin             Length             Attributes
m_interrupts     0x00000000         0x00000100         xr
m_flash_config   0x00000400         0x00000010         xr
m_text           0x00000410         0x0001fbf0         xr
m_data           0x1ffff000         0x00004000         rw
*default*        0x00000000         0xffffffff

Linker script and memory map

LOAD c:/freescale/kds_v3/toolchain/bin/../lib/gcc/arm-none-eabi/4.8.4/armv6-m/crti.o
LOAD c:/freescale/kds_v3/toolchain/bin/../lib/gcc/arm-none-eabi/4.8.4/armv6-m/crtbegin.o
LOAD c:/freescale/kds_v3/toolchain/bin/../lib/gcc/arm-none-eabi/4.8.4/../../../../arm-none-eabi/lib/armv6-m/crt0.o
LOAD ./Sources/circbuf.o
LOAD ./Sources/conversion.o
LOAD ./Sources/dma.o
LOAD ./Sources/logger.o
LOAD ./Sources/logger_queue.o
LOAD ./Sources/main.o
LOAD ./Sources/memory.o
LOAD ./Sources/nordic.o
LOAD ./Sources/port.o
LOAD ./Sources/profile.o
LOAD ./Sources/project1.o
LOAD ./Sources/project2.o
LOAD ./Sources/project3.o
LOAD ./Sources/project4.o
LOAD ./Sources/rtc.o
LOAD ./Sources/spi.o
LOAD ./Sources/uart.o
LOAD ./Project_Settings/Startup_Code/startup_MKL25Z4.o
LOAD ./Project_Settings/Startup_Code/system_MKL25Z4.o
LOAD c:/freescale/kds_v3/toolchain/bin/../lib/gcc/arm-none-eabi/4.8.4/../../../../arm-none-eabi/lib/armv6-m\libstdc++_s.a
LOAD c:/freescale/kds_v3/toolchain/bin/../lib/gcc/arm-none-eabi/4.8.4/../../../../arm-none-eabi/lib/armv6-m\libm.a
START GROUP
LOAD c:/freescale/kds_v3/toolchain/bin/../lib/gcc/arm-none-eabi/4.8.4/armv6-m\libgcc.a
LOAD c:/freescale/kds_v3/toolchain/bin/../lib/gcc/arm-none-eabi/4.8.4/../../../../arm-none-eabi/lib/armv6-m\libg_s.a
LOAD c:/freescale/kds_v3/toolchain/bin/../lib/gcc/arm-none-eabi/4.8.4/../../../../arm-none-eabi/lib/armv6-m\libc_s.a
END GROUP
START GROUP
LOAD c:/freescale/kds_v3/toolchain/bin/../lib/gcc/arm-none-eabi/4.8.4/armv6-m\libgcc.a
LOAD c:/freescale/kds_v3/toolchain/bin/../lib/gcc/arm-none-eabi/4.8.4/../../../../arm-none-eabi/lib/armv6-m\libc_s.a
LOAD c:/freescale/kds_v3/toolchain/bin/../lib/gcc/arm-none-eabi/4.8.4/../../../../arm-none-eabi/lib/armv6-m\libnosys.a
END GROUP
START GROUP
LOAD c:/freescale/kds_v3/toolchain/bin/../lib/gcc/arm-none-eabi/4.8.4/armv6-m\libgcc.a
LOAD c:/freescale/kds_v3/toolchain/bin/../lib/gcc/arm-none-eabi/4.8.4/../../../../arm-none-eabi/lib/armv6-m\libc_s.a
LOAD c:/freescale/kds_v3/toolchain/bin/../lib/gcc/arm-none-eabi/4.8.4/../../../../arm-none-eabi/lib/armv6-m\libnosys.a
END GROUP
LOAD c:/freescale/kds_v3/toolchain/bin/../lib/gcc/arm-none-eabi/4.8.4/armv6-m/crtend.o
LOAD c:/freescale/kds_v3/toolchain/bin/../lib/gcc/arm-none-eabi/4.8.4/armv6-m/crtn.o
                0x00000400                HEAP_SIZE = DEFINED (__heap_size__)?__heap_size__:0x400
                0x00000400                STACK_SIZE = DEFINED (__stack_size__)?__stack_size__:0x400

.interrupts     0x00000000       0xc0
                0x00000000                __VECTOR_TABLE = .
                0x00000000                . = ALIGN (0x4)
 *(.isr_vector)
 .isr_vector    0x00000000       0xc0 ./Project_Settings/Startup_Code/startup_MKL25Z4.o
                0x00000000                __isr_vector
                0x000000c0                . = ALIGN (0x4)

.flash_config   0x00000400       0x10
                0x00000400                . = ALIGN (0x4)
 *(.FlashConfig)
 .FlashConfig   0x00000400       0x10 ./Project_Settings/Startup_Code/startup_MKL25Z4.o
                0x00000410                . = ALIGN (0x4)

.text           0x00000410     0x194c
                0x00000410                . = ALIGN (0x4)
 *(.text)
 .text          0x00000410       0x60 c:/freescale/kds_v3/toolchain/bin/../lib/gcc/arm-none-eabi/4.8.4/armv6-m/crtbegin.o
 .text          0x00000470       0x78 c:/freescale/kds_v3/toolchain/bin/../lib/gcc/arm-none-eabi/4.8.4/../../../../arm-none-eabi/lib/armv6-m/crt0.o
                0x00000470                _start
                0x00000470                _mainCRTStartup
 .text          0x000004e8       0x34 ./Project_Settings/Startup_Code/startup_MKL25Z4.o
                0x000004e8                Reset_Handler
                0x00000514                HardFault_Handler
                0x00000514                PendSV_Handler
                0x00000514                NMI_Handler
                0x00000514                I2C1_IRQHandler
                0x00000514                UART1_IRQHandler
                0x00000514                DMA2_IRQHandler
                0x00000514                TPM0_IRQHandler
                0x00000514                LLWU_IRQHandler
                0x00000514                TSI0_IRQHandler
                0x00000514                ADC0_IRQHandler
                0x00000514                Reserved39_IRQHandler
                0x00000514                SPI1_IRQHandler
                0x00000514                DefaultISR
                0x00000514                PORTD_IRQHandler
                0x00000514                TPM2_IRQHandler
                0x00000514                RTC_IRQHandler
                0x00000514                I2C0_IRQHandler
                0x00000514                MCG_IRQHandler
                0x00000514                UART2_IRQHandler
                0x00000514                Reserved20_IRQHandler
                0x00000514                USB0_IRQHandler
                0x00000514                PIT_IRQHandler
                0x00000514                SVC_Handler
                0x00000514                DMA3_IRQHandler
                0x00000514                DAC0_IRQHandler
                0x00000514                Reserved45_IRQHandler
                0x00000514                TPM1_IRQHandler
                0x00000514                LVD_LVW_IRQHandler
                0x00000514                SPI0_IRQHandler
                0x00000514                PORTA_IRQHandler
                0x00000514                FTFA_IRQHandler
                0x00000514                LPTMR0_IRQHandler
                0x00000514                CMP0_IRQHandler
                0x00000514                DMA1_IRQHandler
 .text          0x0000051c       0x9c c:/freescale/kds_v3/toolchain/bin/../lib/gcc/arm-none-eabi/4.8.4/armv6-m\libgcc.a(_udivsi3.o)
                0x0000051c                __aeabi_uidiv
                0x0000051c                __udivsi3
                0x000005a4                __aeabi_uidivmod
 .text          0x000005b8        0x4 c:/freescale/kds_v3/toolchain/bin/../lib/gcc/arm-none-eabi/4.8.4/armv6-m\libgcc.a(_dvmd_tls.o)
                0x000005b8                __aeabi_idiv0
                0x000005b8                __aeabi_ldiv0
 *(.text*)
 .text.CB_init  0x000005bc       0x70 ./Sources/circbuf.o
                0x000005bc                CB_init
 .text.CB_buffer_add_item
                0x0000062c       0x6c ./Sources/circbuf.o
                0x0000062c                CB_buffer_add_item
 .text.CB_buffer_remove_item
                0x00000698       0x74 ./Sources/circbuf.o
                0x00000698                CB_buffer_remove_item
 .text.my_itoa  0x0000070c      0x174 ./Sources/conversion.o
                0x0000070c                my_itoa
 .text.DMA0_IRQHandler
                0x00000880       0x40 ./Sources/dma.o
                0x00000880                DMA0_IRQHandler
 .text.log_string
                0x000008c0       0x18 ./Sources/logger.o
                0x000008c0                log_string
 .text.log_integer
                0x000008d8       0x40 ./Sources/logger.o
                0x000008d8                log_integer
 .text.log_item
                0x00000918       0xac ./Sources/logger.o
                0x00000918                log_item
 .text.log_flush
                0x000009c4       0x30 ./Sources/logger.o
                0x000009c4                log_flush
 .text.logging  0x000009f4       0x60 ./Sources/logger.o
                0x000009f4                logging
 .text.logging2
                0x00000a54       0x8c ./Sources/logger.o
                0x00000a54                logging2
 .text.logging3
                0x00000ae0       0xc4 ./Sources/logger.o
                0x00000ae0                logging3
 .text.main     0x00000ba4       0x10 ./Sources/main.o
                0x00000ba4                main
 .text.GPIO_Configure
                0x00000bb4      0x118 ./Sources/port.o
                0x00000bb4                GPIO_Configure
 .text.PORTD_Toggle
                0x00000ccc       0x30 ./Sources/port.o
                0x00000ccc                PORTD_Toggle
 .text.ispunc   0x00000cfc       0x84 ./Sources/project2.o
                0x00000cfc                ispunc
 .text.project4
                0x00000d80      0x3e8 ./Sources/project4.o
                0x00000d80                project4
 .text.DUMP_STAT2
                0x00001168      0x130 ./Sources/project4.o
                0x00001168                DUMP_STAT2
 .text.stat_update1
                0x00001298       0x90 ./Sources/project4.o
                0x00001298                stat_update1
 .text.SysTick_Handler
                0x00001328       0x30 ./Sources/project4.o
                0x00001328                SysTick_Handler
 .text.RTC_Seconds_IRQHandler
                0x00001358       0x9c ./Sources/project4.o
                0x00001358                RTC_Seconds_IRQHandler
 .text.NVIC_EnableIRQ
                0x000013f4       0x2c ./Sources/rtc.o
 .text.rtc_init
                0x00001420       0x78 ./Sources/rtc.o
                0x00001420                rtc_init
 .text.NVIC_EnableIRQ
                0x00001498       0x2c ./Sources/uart.o
 .text.NVIC_ClearPendingIRQ
                0x000014c4       0x2c ./Sources/uart.o
 .text.NVIC_SetPriority
                0x000014f0       0xe0 ./Sources/uart.o
 .text.UART_configure
                0x000015d0      0x178 ./Sources/uart.o
                0x000015d0                UART_configure
 .text.UART_send
                0x00001748       0x60 ./Sources/uart.o
                0x00001748                UART_send
 .text.UART_send_n
                0x000017a8       0x74 ./Sources/uart.o
                0x000017a8                UART_send_n
 .text.UART_receive
                0x0000181c       0x54 ./Sources/uart.o
                0x0000181c                UART_receive
 .text.UART0_IRQHandler
                0x00001870       0xfc ./Sources/uart.o
                0x00001870                UART0_IRQHandler
 .text.UART_send_string
                0x0000196c       0x48 ./Sources/uart.o
                0x0000196c                UART_send_string
 .text.SystemInit
                0x000019b4       0x18 ./Project_Settings/Startup_Code/system_MKL25Z4.o
                0x000019b4                SystemInit
 .text.exit     0x000019cc       0x2c c:/freescale/kds_v3/toolchain/bin/../lib/gcc/arm-none-eabi/4.8.4/../../../../arm-none-eabi/lib/armv6-m\libg_s.a(lib_a-exit.o)
                0x000019cc                exit
 .text.__libc_init_array
                0x000019f8       0x4c c:/freescale/kds_v3/toolchain/bin/../lib/gcc/arm-none-eabi/4.8.4/../../../../arm-none-eabi/lib/armv6-m\libg_s.a(lib_a-init.o)
                0x000019f8                __libc_init_array
 .text.malloc   0x00001a44       0x14 c:/freescale/kds_v3/toolchain/bin/../lib/gcc/arm-none-eabi/4.8.4/../../../../arm-none-eabi/lib/armv6-m\libg_s.a(lib_a-malloc.o)
                0x00001a44                malloc
 .text.free     0x00001a58       0x14 c:/freescale/kds_v3/toolchain/bin/../lib/gcc/arm-none-eabi/4.8.4/../../../../arm-none-eabi/lib/armv6-m\libg_s.a(lib_a-malloc.o)
                0x00001a58                free
 .text.memset   0x00001a6c       0x10 c:/freescale/kds_v3/toolchain/bin/../lib/gcc/arm-none-eabi/4.8.4/../../../../arm-none-eabi/lib/armv6-m\libg_s.a(lib_a-memset.o)
                0x00001a6c                memset
 .text._free_r  0x00001a7c       0x90 c:/freescale/kds_v3/toolchain/bin/../lib/gcc/arm-none-eabi/4.8.4/../../../../arm-none-eabi/lib/armv6-m\libg_s.a(lib_a-nano-freer.o)
                0x00001a7c                _free_r
 .text._malloc_r
                0x00001b0c       0xa8 c:/freescale/kds_v3/toolchain/bin/../lib/gcc/arm-none-eabi/4.8.4/../../../../arm-none-eabi/lib/armv6-m\libg_s.a(lib_a-nano-mallocr.o)
                0x00001b0c                _malloc_r
 .text._sbrk_r  0x00001bb4       0x24 c:/freescale/kds_v3/toolchain/bin/../lib/gcc/arm-none-eabi/4.8.4/../../../../arm-none-eabi/lib/armv6-m\libg_s.a(lib_a-sbrkr.o)
                0x00001bb4                _sbrk_r
 .text._sbrk    0x00001bd8       0x34 c:/freescale/kds_v3/toolchain/bin/../lib/gcc/arm-none-eabi/4.8.4/../../../../arm-none-eabi/lib/armv6-m\libnosys.a(sbrk.o)
                0x00001bd8                _sbrk
 .text._exit    0x00001c0c        0x4 c:/freescale/kds_v3/toolchain/bin/../lib/gcc/arm-none-eabi/4.8.4/../../../../arm-none-eabi/lib/armv6-m\libnosys.a(_exit.o)
                0x00001c0c                _exit
 *(.rodata)
 .rodata        0x00001c10       0x40 ./Sources/logger.o
 .rodata        0x00001c50        0x4 ./Sources/port.o
 .rodata        0x00001c54       0x84 ./Sources/project4.o
 .rodata        0x00001cd8        0x4 ./Sources/uart.o
 *(.rodata*)
 .rodata.str1.1
                0x00001cdc        0x2 c:/freescale/kds_v3/toolchain/bin/../lib/gcc/arm-none-eabi/4.8.4/../../../../arm-none-eabi/lib/armv6-m\libg_s.a(lib_a-impure.o)
 *fill*         0x00001cde        0x2 
 .rodata._global_impure_ptr
                0x00001ce0        0x4 c:/freescale/kds_v3/toolchain/bin/../lib/gcc/arm-none-eabi/4.8.4/../../../../arm-none-eabi/lib/armv6-m\libg_s.a(lib_a-impure.o)
                0x00001ce0                _global_impure_ptr
 .rodata.__sf_fake_stdin
                0x00001ce4       0x20 c:/freescale/kds_v3/toolchain/bin/../lib/gcc/arm-none-eabi/4.8.4/../../../../arm-none-eabi/lib/armv6-m\libg_s.a(lib_a-findfp.o)
                0x00001ce4                __sf_fake_stdin
 .rodata.__sf_fake_stdout
                0x00001d04       0x20 c:/freescale/kds_v3/toolchain/bin/../lib/gcc/arm-none-eabi/4.8.4/../../../../arm-none-eabi/lib/armv6-m\libg_s.a(lib_a-findfp.o)
                0x00001d04                __sf_fake_stdout
 .rodata.__sf_fake_stderr
                0x00001d24       0x20 c:/freescale/kds_v3/toolchain/bin/../lib/gcc/arm-none-eabi/4.8.4/../../../../arm-none-eabi/lib/armv6-m\libg_s.a(lib_a-findfp.o)
                0x00001d24                __sf_fake_stderr
 *(.glue_7)
 .glue_7        0x00000000        0x0 linker stubs
 *(.glue_7t)
 .glue_7t       0x00000000        0x0 linker stubs
 *(.eh_frame)
 .eh_frame      0x00001d44        0x0 c:/freescale/kds_v3/toolchain/bin/../lib/gcc/arm-none-eabi/4.8.4/armv6-m/crtbegin.o
 *(.init)
 .init          0x00001d44        0x4 c:/freescale/kds_v3/toolchain/bin/../lib/gcc/arm-none-eabi/4.8.4/armv6-m/crti.o
                0x00001d44                _init
 .init          0x00001d48        0x8 c:/freescale/kds_v3/toolchain/bin/../lib/gcc/arm-none-eabi/4.8.4/armv6-m/crtn.o
 *(.fini)
 .fini          0x00001d50        0x4 c:/freescale/kds_v3/toolchain/bin/../lib/gcc/arm-none-eabi/4.8.4/armv6-m/crti.o
                0x00001d50                _fini
 .fini          0x00001d54        0x8 c:/freescale/kds_v3/toolchain/bin/../lib/gcc/arm-none-eabi/4.8.4/armv6-m/crtn.o
                0x00001d5c                . = ALIGN (0x4)

.vfp11_veneer   0x00001d5c        0x0
 .vfp11_veneer  0x00000000        0x0 linker stubs

.v4_bx          0x00001d5c        0x0
 .v4_bx         0x00000000        0x0 linker stubs

.iplt           0x00001d5c        0x0
 .iplt          0x00000000        0x0 c:/freescale/kds_v3/toolchain/bin/../lib/gcc/arm-none-eabi/4.8.4/armv6-m/crtbegin.o

.ARM.extab
 *(.ARM.extab* .gnu.linkonce.armextab.*)

.ARM            0x00001d5c        0x8
                0x00001d5c                __exidx_start = .
 *(.ARM.exidx*)
 .ARM.exidx     0x00001d5c        0x8 c:/freescale/kds_v3/toolchain/bin/../lib/gcc/arm-none-eabi/4.8.4/../../../../arm-none-eabi/lib/armv6-m/crt0.o
                0x00001d64                __exidx_end = .

.rel.dyn        0x00001d64        0x0
 .rel.iplt      0x00000000        0x0 c:/freescale/kds_v3/toolchain/bin/../lib/gcc/arm-none-eabi/4.8.4/armv6-m/crtbegin.o

.ctors          0x00001d64        0x0
                0x00001d64                __CTOR_LIST__ = .
 *crtbegin.o(.ctors)
 *crtbegin?.o(.ctors)
 *(EXCLUDE_FILE(*crtend.o *crtend?.o) .ctors)
 *(SORT(.ctors.*))
 *(.ctors)
                0x00001d64                __CTOR_END__ = .

.dtors          0x00001d64        0x0
                0x00001d64                __DTOR_LIST__ = .
 *crtbegin.o(.dtors)
 *crtbegin?.o(.dtors)
 *(EXCLUDE_FILE(*crtend.o *crtend?.o) .dtors)
 *(SORT(.dtors.*))
 *(.dtors)
                0x00001d64                __DTOR_END__ = .

.preinit_array  0x00001d64        0x0
                0x00001d64                PROVIDE (__preinit_array_start, .)
 *(.preinit_array*)
                0x00001d64                PROVIDE (__preinit_array_end, .)

.init_array     0x00001d64        0x4
                0x00001d64                PROVIDE (__init_array_start, .)
 *(SORT(.init_array.*))
 *(.init_array*)
 .init_array    0x00001d64        0x4 c:/freescale/kds_v3/toolchain/bin/../lib/gcc/arm-none-eabi/4.8.4/armv6-m/crtbegin.o
                0x00001d68                PROVIDE (__init_array_end, .)

.fini_array     0x00001d68        0x4
                0x00001d68                PROVIDE (__fini_array_start, .)
 *(SORT(.fini_array.*))
 *(.fini_array*)
 .fini_array    0x00001d68        0x4 c:/freescale/kds_v3/toolchain/bin/../lib/gcc/arm-none-eabi/4.8.4/armv6-m/crtbegin.o
                0x00001d6c                PROVIDE (__fini_array_end, .)
                0x00001d6c                __etext = .
                0x00001d6c                __DATA_ROM = .

.mtb            0x1ffff000        0x0
                0x1ffff000                . = ALIGN (0x8)
                0x1ffff000                _mtb_start = .
 *(.mtb_buf)
                0x1ffff000                . = ALIGN (0x8)
                0x1ffff000                _mtb_end = .

.data           0x1ffff000       0x70 load address 0x00001d6c
                0x1ffff000                . = ALIGN (0x4)
                0x1ffff000                __DATA_RAM = .
                0x1ffff000                __data_start__ = .
 *(.data)
 *(.data*)
 .data.newline  0x1ffff000        0x4 ./Sources/logger.o
                0x1ffff000                newline
 .data.space    0x1ffff004        0x4 ./Sources/logger.o
                0x1ffff004                space
 .data.impure_data
                0x1ffff008       0x60 c:/freescale/kds_v3/toolchain/bin/../lib/gcc/arm-none-eabi/4.8.4/../../../../arm-none-eabi/lib/armv6-m\libg_s.a(lib_a-impure.o)
 .data._impure_ptr
                0x1ffff068        0x4 c:/freescale/kds_v3/toolchain/bin/../lib/gcc/arm-none-eabi/4.8.4/../../../../arm-none-eabi/lib/armv6-m\libg_s.a(lib_a-impure.o)
                0x1ffff068                _impure_ptr
 *(.jcr*)
 .jcr           0x1ffff06c        0x0 c:/freescale/kds_v3/toolchain/bin/../lib/gcc/arm-none-eabi/4.8.4/armv6-m/crtbegin.o
 .jcr           0x1ffff06c        0x4 c:/freescale/kds_v3/toolchain/bin/../lib/gcc/arm-none-eabi/4.8.4/armv6-m/crtend.o
                0x1ffff070                . = ALIGN (0x4)
                0x1ffff070                __data_end__ = .
                0x00001ddc                __DATA_END = (__DATA_ROM + (__data_end__ - __data_start__))

.igot.plt       0x1ffff070        0x0 load address 0x00001ddc
 .igot.plt      0x00000000        0x0 c:/freescale/kds_v3/toolchain/bin/../lib/gcc/arm-none-eabi/4.8.4/armv6-m/crtbegin.o

.bss            0x1ffff070      0x154 load address 0x00001ddc
                0x1ffff070                . = ALIGN (0x4)
                0x1ffff070                __START_BSS = .
                0x1ffff070                __bss_start__ = .
 *(.bss)
 .bss           0x1ffff070       0x1c c:/freescale/kds_v3/toolchain/bin/../lib/gcc/arm-none-eabi/4.8.4/armv6-m/crtbegin.o
 *(.bss*)
 .bss.number    0x1ffff08c        0xc ./Sources/logger.o
                0x1ffff08c                number
 .bss.data      0x1ffff098       0x64 ./Sources/project4.o
                0x1ffff098                data
 .bss.alph1     0x1ffff0fc        0x4 ./Sources/project4.o
                0x1ffff0fc                alph1
 .bss.numb1     0x1ffff100        0x4 ./Sources/project4.o
                0x1ffff100                numb1
 .bss.punc1     0x1ffff104        0x4 ./Sources/project4.o
                0x1ffff104                punc1
 .bss.misc1     0x1ffff108        0x4 ./Sources/project4.o
                0x1ffff108                misc1
 .bss.pc        0x1ffff10c        0x4 ./Sources/project4.o
                0x1ffff10c                pc
 .bss.number22  0x1ffff110       0x14 ./Sources/project4.o
                0x1ffff110                number22
 .bss.number23  0x1ffff124        0xc ./Sources/project4.o
                0x1ffff124                number23
 .bss.number24  0x1ffff130        0xc ./Sources/project4.o
                0x1ffff130                number24
 .bss.number11  0x1ffff13c        0xc ./Sources/project4.o
                0x1ffff13c                number11
 .bss.number21  0x1ffff148        0xc ./Sources/project4.o
                0x1ffff148                number21
 .bss.number31  0x1ffff154        0xc ./Sources/project4.o
                0x1ffff154                number31
 .bss.number41  0x1ffff160        0xc ./Sources/project4.o
                0x1ffff160                number41
 .bss.seconds   0x1ffff16c        0x4 ./Sources/project4.o
                0x1ffff16c                seconds
 .bss.minutes   0x1ffff170        0x4 ./Sources/project4.o
                0x1ffff170                minutes
 .bss.interrupt
                0x1ffff174        0x1 ./Sources/project4.o
                0x1ffff174                interrupt
 *fill*         0x1ffff175        0x3 
 .bss.__malloc_sbrk_start
                0x1ffff178        0x4 c:/freescale/kds_v3/toolchain/bin/../lib/gcc/arm-none-eabi/4.8.4/../../../../arm-none-eabi/lib/armv6-m\libg_s.a(lib_a-nano-mallocr.o)
                0x1ffff178                __malloc_sbrk_start
 .bss.__malloc_free_list
                0x1ffff17c        0x4 c:/freescale/kds_v3/toolchain/bin/../lib/gcc/arm-none-eabi/4.8.4/../../../../arm-none-eabi/lib/armv6-m\libg_s.a(lib_a-nano-mallocr.o)
                0x1ffff17c                __malloc_free_list
 .bss.heap_end.4246
                0x1ffff180        0x4 c:/freescale/kds_v3/toolchain/bin/../lib/gcc/arm-none-eabi/4.8.4/../../../../arm-none-eabi/lib/armv6-m\libnosys.a(sbrk.o)
 *(COMMON)
 COMMON         0x1ffff184       0x30 ./Sources/circbuf.o
                0x1ffff184                quat2
                0x1ffff188                tick3
                0x1ffff18c                quat1
                0x1ffff190                tick4
                0x1ffff194                tick2
                0x1ffff198                quat4
                0x1ffff19c                CB_tx
                0x1ffff1a0                tick5
                0x1ffff1a4                tick
                0x1ffff1a8                CB_rx
                0x1ffff1ac                quat3
                0x1ffff1b0                tick1
 COMMON         0x1ffff1b4        0x1 ./Sources/dma.o
                0x1ffff1b4                done
 *fill*         0x1ffff1b5        0x3 
 COMMON         0x1ffff1b8        0x8 ./Sources/project4.o
                0x1ffff1b8                rtc
                0x1ffff1b9                gpio
                0x1ffff1ba                heartbeat
                0x1ffff1bc                quart
 COMMON         0x1ffff1c0        0x4 c:/freescale/kds_v3/toolchain/bin/../lib/gcc/arm-none-eabi/4.8.4/../../../../arm-none-eabi/lib/armv6-m\libg_s.a(lib_a-reent.o)
                0x1ffff1c0                errno
                0x1ffff1c4                . = ALIGN (0x4)
                0x1ffff1c4                __bss_end__ = .
                0x1ffff1c4                __END_BSS = .

.heap           0x1ffff1c4      0x404 load address 0x00001f30
                0x1ffff1c8                . = ALIGN (0x8)
 *fill*         0x1ffff1c4        0x4 
                0x1ffff1c8                __end__ = .
                0x1ffff1c8                PROVIDE (end, .)
                0x1ffff1c8                __HeapBase = .
                0x1ffff5c8                . = (. + HEAP_SIZE)
 *fill*         0x1ffff1c8      0x400 
                0x1ffff5c8                __HeapLimit = .

.stack          0x1ffff5c8      0x400 load address 0x00002334
                0x1ffff5c8                . = ALIGN (0x8)
                0x1ffff9c8                . = (. + STACK_SIZE)
 *fill*         0x1ffff5c8      0x400 
                0x20003000                __StackTop = (ORIGIN (m_data) + 0x4000)
                0x20002c00                __StackLimit = (__StackTop - STACK_SIZE)
                0x20003000                PROVIDE (__stack, __StackTop)

.ARM.attributes
                0x00000000       0x28
 *(.ARM.attributes)
 .ARM.attributes
                0x00000000       0x1e c:/freescale/kds_v3/toolchain/bin/../lib/gcc/arm-none-eabi/4.8.4/armv6-m/crti.o
 .ARM.attributes
                0x0000001e       0x2c c:/freescale/kds_v3/toolchain/bin/../lib/gcc/arm-none-eabi/4.8.4/armv6-m/crtbegin.o
 .ARM.attributes
                0x0000004a       0x1b c:/freescale/kds_v3/toolchain/bin/../lib/gcc/arm-none-eabi/4.8.4/../../../../arm-none-eabi/lib/armv6-m/crt0.o
 .ARM.attributes
                0x00000065       0x32 ./Sources/circbuf.o
 .ARM.attributes
                0x00000097       0x32 ./Sources/conversion.o
 .ARM.attributes
                0x000000c9       0x32 ./Sources/dma.o
 .ARM.attributes
                0x000000fb       0x32 ./Sources/logger.o
 .ARM.attributes
                0x0000012d       0x32 ./Sources/main.o
 .ARM.attributes
                0x0000015f       0x32 ./Sources/port.o
 .ARM.attributes
                0x00000191       0x32 ./Sources/project2.o
 .ARM.attributes
                0x000001c3       0x32 ./Sources/project4.o
 .ARM.attributes
                0x000001f5       0x32 ./Sources/rtc.o
 .ARM.attributes
                0x00000227       0x32 ./Sources/uart.o
 .ARM.attributes
                0x00000259       0x1b ./Project_Settings/Startup_Code/startup_MKL25Z4.o
 .ARM.attributes
                0x00000274       0x32 ./Project_Settings/Startup_Code/system_MKL25Z4.o
 .ARM.attributes
                0x000002a6       0x1e c:/freescale/kds_v3/toolchain/bin/../lib/gcc/arm-none-eabi/4.8.4/armv6-m\libgcc.a(_udivsi3.o)
 .ARM.attributes
                0x000002c4       0x1e c:/freescale/kds_v3/toolchain/bin/../lib/gcc/arm-none-eabi/4.8.4/armv6-m\libgcc.a(_dvmd_tls.o)
 .ARM.attributes
                0x000002e2       0x2c c:/freescale/kds_v3/toolchain/bin/../lib/gcc/arm-none-eabi/4.8.4/../../../../arm-none-eabi/lib/armv6-m\libg_s.a(lib_a-exit.o)
 .ARM.attributes
                0x0000030e       0x2c c:/freescale/kds_v3/toolchain/bin/../lib/gcc/arm-none-eabi/4.8.4/../../../../arm-none-eabi/lib/armv6-m\libg_s.a(lib_a-impure.o)
 .ARM.attributes
                0x0000033a       0x2c c:/freescale/kds_v3/toolchain/bin/../lib/gcc/arm-none-eabi/4.8.4/../../../../arm-none-eabi/lib/armv6-m\libg_s.a(lib_a-init.o)
 .ARM.attributes
                0x00000366       0x2c c:/freescale/kds_v3/toolchain/bin/../lib/gcc/arm-none-eabi/4.8.4/../../../../arm-none-eabi/lib/armv6-m\libg_s.a(lib_a-malloc.o)
 .ARM.attributes
                0x00000392       0x2c c:/freescale/kds_v3/toolchain/bin/../lib/gcc/arm-none-eabi/4.8.4/../../../../arm-none-eabi/lib/armv6-m\libg_s.a(lib_a-memset.o)
 .ARM.attributes
                0x000003be       0x2c c:/freescale/kds_v3/toolchain/bin/../lib/gcc/arm-none-eabi/4.8.4/../../../../arm-none-eabi/lib/armv6-m\libg_s.a(lib_a-nano-freer.o)
 .ARM.attributes
                0x000003ea       0x2c c:/freescale/kds_v3/toolchain/bin/../lib/gcc/arm-none-eabi/4.8.4/../../../../arm-none-eabi/lib/armv6-m\libg_s.a(lib_a-nano-mallocr.o)
 .ARM.attributes
                0x00000416       0x2c c:/freescale/kds_v3/toolchain/bin/../lib/gcc/arm-none-eabi/4.8.4/../../../../arm-none-eabi/lib/armv6-m\libg_s.a(lib_a-sbrkr.o)
 .ARM.attributes
                0x00000442       0x2c c:/freescale/kds_v3/toolchain/bin/../lib/gcc/arm-none-eabi/4.8.4/../../../../arm-none-eabi/lib/armv6-m\libg_s.a(lib_a-findfp.o)
 .ARM.attributes
                0x0000046e       0x2c c:/freescale/kds_v3/toolchain/bin/../lib/gcc/arm-none-eabi/4.8.4/../../../../arm-none-eabi/lib/armv6-m\libg_s.a(lib_a-reent.o)
 .ARM.attributes
                0x0000049a       0x2c c:/freescale/kds_v3/toolchain/bin/../lib/gcc/arm-none-eabi/4.8.4/../../../../arm-none-eabi/lib/armv6-m\libnosys.a(sbrk.o)
 .ARM.attributes
                0x000004c6       0x2c c:/freescale/kds_v3/toolchain/bin/../lib/gcc/arm-none-eabi/4.8.4/../../../../arm-none-eabi/lib/armv6-m\libnosys.a(_exit.o)
 .ARM.attributes
                0x000004f2       0x2c c:/freescale/kds_v3/toolchain/bin/../lib/gcc/arm-none-eabi/4.8.4/armv6-m/crtend.o
 .ARM.attributes
                0x0000051e       0x1e c:/freescale/kds_v3/toolchain/bin/../lib/gcc/arm-none-eabi/4.8.4/armv6-m/crtn.o
                0x00000001                ASSERT ((__StackLimit >= __HeapLimit), region m_data overflowed with stack and heap)
OUTPUT(project4.elf elf32-littlearm)

.debug_info     0x00000000     0x37e3
 .debug_info    0x00000000      0x384 ./Sources/circbuf.o
 .debug_info    0x00000384      0x1cc ./Sources/conversion.o
 .debug_info    0x00000550      0x59a ./Sources/dma.o
 .debug_info    0x00000aea      0x5ff ./Sources/logger.o
 .debug_info    0x000010e9       0x93 ./Sources/main.o
 .debug_info    0x0000117c      0x6db ./Sources/port.o
 .debug_info    0x00001857      0x3bd ./Sources/project2.o
 .debug_info    0x00001c14      0x63e ./Sources/project4.o
 .debug_info    0x00002252      0x541 ./Sources/rtc.o
 .debug_info    0x00002793      0xbcb ./Sources/uart.o
 .debug_info    0x0000335e       0x98 ./Project_Settings/Startup_Code/startup_MKL25Z4.o
 .debug_info    0x000033f6      0x3ed ./Project_Settings/Startup_Code/system_MKL25Z4.o

.debug_abbrev   0x00000000      0xd88
 .debug_abbrev  0x00000000      0x118 ./Sources/circbuf.o
 .debug_abbrev  0x00000118       0xa6 ./Sources/conversion.o
 .debug_abbrev  0x000001be      0x1b8 ./Sources/dma.o
 .debug_abbrev  0x00000376      0x13e ./Sources/logger.o
 .debug_abbrev  0x000004b4       0x47 ./Sources/main.o
 .debug_abbrev  0x000004fb      0x158 ./Sources/port.o
 .debug_abbrev  0x00000653      0x11d ./Sources/project2.o
 .debug_abbrev  0x00000770      0x1c5 ./Sources/project4.o
 .debug_abbrev  0x00000935      0x11b ./Sources/rtc.o
 .debug_abbrev  0x00000a50      0x21b ./Sources/uart.o
 .debug_abbrev  0x00000c6b       0x14 ./Project_Settings/Startup_Code/startup_MKL25Z4.o
 .debug_abbrev  0x00000c7f      0x109 ./Project_Settings/Startup_Code/system_MKL25Z4.o

.debug_aranges  0x00000000      0x2f8
 .debug_aranges
                0x00000000       0x40 ./Sources/circbuf.o
 .debug_aranges
                0x00000040       0x28 ./Sources/conversion.o
 .debug_aranges
                0x00000068       0x38 ./Sources/dma.o
 .debug_aranges
                0x000000a0       0x88 ./Sources/logger.o
 .debug_aranges
                0x00000128       0x20 ./Sources/main.o
 .debug_aranges
                0x00000148       0x60 ./Sources/port.o
 .debug_aranges
                0x000001a8       0x38 ./Sources/project2.o
 .debug_aranges
                0x000001e0       0x40 ./Sources/project4.o
 .debug_aranges
                0x00000220       0x28 ./Sources/rtc.o
 .debug_aranges
                0x00000248       0x68 ./Sources/uart.o
 .debug_aranges
                0x000002b0       0x20 ./Project_Settings/Startup_Code/startup_MKL25Z4.o
 .debug_aranges
                0x000002d0       0x28 ./Project_Settings/Startup_Code/system_MKL25Z4.o

.debug_ranges   0x00000000      0x228
 .debug_ranges  0x00000000       0x30 ./Sources/circbuf.o
 .debug_ranges  0x00000030       0x18 ./Sources/conversion.o
 .debug_ranges  0x00000048       0x28 ./Sources/dma.o
 .debug_ranges  0x00000070       0x78 ./Sources/logger.o
 .debug_ranges  0x000000e8       0x10 ./Sources/main.o
 .debug_ranges  0x000000f8       0x50 ./Sources/port.o
 .debug_ranges  0x00000148       0x28 ./Sources/project2.o
 .debug_ranges  0x00000170       0x30 ./Sources/project4.o
 .debug_ranges  0x000001a0       0x18 ./Sources/rtc.o
 .debug_ranges  0x000001b8       0x58 ./Sources/uart.o
 .debug_ranges  0x00000210       0x18 ./Project_Settings/Startup_Code/system_MKL25Z4.o

.debug_macro    0x00000000     0xaf89
 .debug_macro   0x00000000      0x1a4 ./Sources/circbuf.o
 .debug_macro   0x000001a4      0x814 ./Sources/circbuf.o
 .debug_macro   0x000009b8       0x58 ./Sources/circbuf.o
 .debug_macro   0x00000a10       0x16 ./Sources/circbuf.o
 .debug_macro   0x00000a26       0x35 ./Sources/circbuf.o
 .debug_macro   0x00000a5b       0xa3 ./Sources/circbuf.o
 .debug_macro   0x00000afe       0x16 ./Sources/circbuf.o
 .debug_macro   0x00000b14      0x10e ./Sources/circbuf.o
 .debug_macro   0x00000c22       0x7f ./Sources/circbuf.o
 .debug_macro   0x00000ca1       0x4a ./Sources/circbuf.o
 .debug_macro   0x00000ceb       0x52 ./Sources/circbuf.o
 .debug_macro   0x00000d3d       0x16 ./Sources/circbuf.o
 .debug_macro   0x00000d53       0x43 ./Sources/circbuf.o
 .debug_macro   0x00000d96      0x180 ./Sources/circbuf.o
 .debug_macro   0x00000f16       0x22 ./Sources/circbuf.o
 .debug_macro   0x00000f38      0x20f ./Sources/circbuf.o
 .debug_macro   0x00001147       0x4c ./Sources/circbuf.o
 .debug_macro   0x00001193       0x3a ./Sources/circbuf.o
 .debug_macro   0x000011cd       0x26 ./Sources/circbuf.o
 .debug_macro   0x000011f3      0x306 ./Sources/circbuf.o
 .debug_macro   0x000014f9       0x63 ./Sources/circbuf.o
 .debug_macro   0x0000155c     0x839f ./Sources/circbuf.o
 .debug_macro   0x000098fb       0x1c ./Sources/circbuf.o
 .debug_macro   0x00009917       0x35 ./Sources/circbuf.o
 .debug_macro   0x0000994c       0x10 ./Sources/circbuf.o
 .debug_macro   0x0000995c       0x10 ./Sources/circbuf.o
 .debug_macro   0x0000996c       0x22 ./Sources/circbuf.o
 .debug_macro   0x0000998e       0xbd ./Sources/circbuf.o
 .debug_macro   0x00009a4b       0x16 ./Sources/circbuf.o
 .debug_macro   0x00009a61      0x14a ./Sources/circbuf.o
 .debug_macro   0x00009bab       0x10 ./Sources/circbuf.o
 .debug_macro   0x00009bbb       0xc4 ./Sources/circbuf.o
 .debug_macro   0x00009c7f       0x16 ./Sources/circbuf.o
 .debug_macro   0x00009c95      0x119 ./Sources/conversion.o
 .debug_macro   0x00009dae       0x44 ./Sources/conversion.o
 .debug_macro   0x00009df2      0x209 ./Sources/conversion.o
 .debug_macro   0x00009ffb       0x10 ./Sources/conversion.o
 .debug_macro   0x0000a00b       0x16 ./Sources/conversion.o
 .debug_macro   0x0000a021       0x97 ./Sources/conversion.o
 .debug_macro   0x0000a0b8       0xef ./Sources/conversion.o
 .debug_macro   0x0000a1a7       0xaf ./Sources/dma.o
 .debug_macro   0x0000a256      0x166 ./Sources/dma.o
 .debug_macro   0x0000a3bc       0x22 ./Sources/dma.o
 .debug_macro   0x0000a3de      0x1b0 ./Sources/logger.o
 .debug_macro   0x0000a58e       0x16 ./Sources/logger.o
 .debug_macro   0x0000a5a4      0x120 ./Sources/main.o
 .debug_macro   0x0000a6c4       0x3a ./Sources/main.o
 .debug_macro   0x0000a6fe      0x153 ./Sources/port.o
 .debug_macro   0x0000a851       0x16 ./Sources/port.o
 .debug_macro   0x0000a867       0x3a ./Sources/port.o
 .debug_macro   0x0000a8a1       0x64 ./Sources/port.o
 .debug_macro   0x0000a905      0x1bb ./Sources/project2.o
 .debug_macro   0x0000aac0      0x1e2 ./Sources/project4.o
 .debug_macro   0x0000aca2       0x99 ./Sources/rtc.o
 .debug_macro   0x0000ad3b      0x1c4 ./Sources/uart.o
 .debug_macro   0x0000aeff       0x8a ./Project_Settings/Startup_Code/system_MKL25Z4.o

.debug_line     0x00000000     0x22c5
 .debug_line    0x00000000      0x39a ./Sources/circbuf.o
 .debug_line    0x0000039a      0x2c4 ./Sources/conversion.o
 .debug_line    0x0000065e      0x27f ./Sources/dma.o
 .debug_line    0x000008dd      0x412 ./Sources/logger.o
 .debug_line    0x00000cef      0x247 ./Sources/main.o
 .debug_line    0x00000f36      0x313 ./Sources/port.o
 .debug_line    0x00001249      0x39a ./Sources/project2.o
 .debug_line    0x000015e3      0x3d1 ./Sources/project4.o
 .debug_line    0x000019b4      0x1ec ./Sources/rtc.o
 .debug_line    0x00001ba0      0x46a ./Sources/uart.o
 .debug_line    0x0000200a       0x7b ./Project_Settings/Startup_Code/startup_MKL25Z4.o
 .debug_line    0x00002085      0x240 ./Project_Settings/Startup_Code/system_MKL25Z4.o

.debug_str      0x00000000    0x34df0
 .debug_str     0x00000000    0x34022 ./Sources/circbuf.o
                              0x344b2 (size before relaxing)
 .debug_str     0x00034022       0x6c ./Sources/conversion.o
                               0x4e0e (size before relaxing)
 .debug_str     0x0003408e      0x1f5 ./Sources/dma.o
                              0x327f6 (size before relaxing)
 .debug_str     0x00034283      0x261 ./Sources/logger.o
                              0x34172 (size before relaxing)
 .debug_str     0x000344e4       0xe3 ./Sources/main.o
                               0x4507 (size before relaxing)
 .debug_str     0x000345c7      0x2d7 ./Sources/port.o
                              0x33915 (size before relaxing)
 .debug_str     0x0003489e       0xa2 ./Sources/project2.o
                              0x34186 (size before relaxing)
 .debug_str     0x00034940      0x123 ./Sources/project4.o
                              0x348c7 (size before relaxing)
 .debug_str     0x00034a63      0x214 ./Sources/rtc.o
                              0x320e2 (size before relaxing)
 .debug_str     0x00034c77      0x102 ./Sources/uart.o
                              0x349b6 (size before relaxing)
 .debug_str     0x00034d79       0x77 ./Project_Settings/Startup_Code/system_MKL25Z4.o
                              0x31f31 (size before relaxing)

.comment        0x00000000       0x70
 .comment       0x00000000       0x70 ./Sources/circbuf.o
                                 0x71 (size before relaxing)
 .comment       0x00000000       0x71 ./Sources/conversion.o
 .comment       0x00000000       0x71 ./Sources/dma.o
 .comment       0x00000000       0x71 ./Sources/logger.o
 .comment       0x00000000       0x71 ./Sources/main.o
 .comment       0x00000000       0x71 ./Sources/port.o
 .comment       0x00000000       0x71 ./Sources/project2.o
 .comment       0x00000000       0x71 ./Sources/project4.o
 .comment       0x00000000       0x71 ./Sources/rtc.o
 .comment       0x00000000       0x71 ./Sources/uart.o
 .comment       0x00000000       0x71 ./Project_Settings/Startup_Code/system_MKL25Z4.o

.debug_frame    0x00000000      0xb04
 .debug_frame   0x00000000       0xb0 ./Sources/circbuf.o
 .debug_frame   0x000000b0       0x50 ./Sources/conversion.o
 .debug_frame   0x00000100       0x8c ./Sources/dma.o
 .debug_frame   0x0000018c      0x1d0 ./Sources/logger.o
 .debug_frame   0x0000035c       0x2c ./Sources/main.o
 .debug_frame   0x00000388      0x12c ./Sources/port.o
 .debug_frame   0x000004b4       0x90 ./Sources/project2.o
 .debug_frame   0x00000544       0xac ./Sources/project4.o
 .debug_frame   0x000005f0       0x4c ./Sources/rtc.o
 .debug_frame   0x0000063c      0x154 ./Sources/uart.o
 .debug_frame   0x00000790       0x4c ./Project_Settings/Startup_Code/system_MKL25Z4.o
 .debug_frame   0x000007dc       0x20 c:/freescale/kds_v3/toolchain/bin/../lib/gcc/arm-none-eabi/4.8.4/armv6-m\libgcc.a(_udivsi3.o)
 .debug_frame   0x000007fc       0x28 c:/freescale/kds_v3/toolchain/bin/../lib/gcc/arm-none-eabi/4.8.4/../../../../arm-none-eabi/lib/armv6-m\libg_s.a(lib_a-exit.o)
 .debug_frame   0x00000824       0x2c c:/freescale/kds_v3/toolchain/bin/../lib/gcc/arm-none-eabi/4.8.4/../../../../arm-none-eabi/lib/armv6-m\libg_s.a(lib_a-init.o)
 .debug_frame   0x00000850       0x40 c:/freescale/kds_v3/toolchain/bin/../lib/gcc/arm-none-eabi/4.8.4/../../../../arm-none-eabi/lib/armv6-m\libg_s.a(lib_a-malloc.o)
 .debug_frame   0x00000890       0x20 c:/freescale/kds_v3/toolchain/bin/../lib/gcc/arm-none-eabi/4.8.4/../../../../arm-none-eabi/lib/armv6-m\libg_s.a(lib_a-memset.o)
 .debug_frame   0x000008b0       0x2c c:/freescale/kds_v3/toolchain/bin/../lib/gcc/arm-none-eabi/4.8.4/../../../../arm-none-eabi/lib/armv6-m\libg_s.a(lib_a-nano-freer.o)
 .debug_frame   0x000008dc       0x2c c:/freescale/kds_v3/toolchain/bin/../lib/gcc/arm-none-eabi/4.8.4/../../../../arm-none-eabi/lib/armv6-m\libg_s.a(lib_a-nano-mallocr.o)
 .debug_frame   0x00000908       0x2c c:/freescale/kds_v3/toolchain/bin/../lib/gcc/arm-none-eabi/4.8.4/../../../../arm-none-eabi/lib/armv6-m\libg_s.a(lib_a-sbrkr.o)
 .debug_frame   0x00000934      0x148 c:/freescale/kds_v3/toolchain/bin/../lib/gcc/arm-none-eabi/4.8.4/../../../../arm-none-eabi/lib/armv6-m\libg_s.a(lib_a-findfp.o)
 .debug_frame   0x00000a7c       0x48 c:/freescale/kds_v3/toolchain/bin/../lib/gcc/arm-none-eabi/4.8.4/../../../../arm-none-eabi/lib/armv6-m\libg_s.a(lib_a-reent.o)
 .debug_frame   0x00000ac4       0x20 c:/freescale/kds_v3/toolchain/bin/../lib/gcc/arm-none-eabi/4.8.4/../../../../arm-none-eabi/lib/armv6-m\libnosys.a(sbrk.o)
 .debug_frame   0x00000ae4       0x20 c:/freescale/kds_v3/toolchain/bin/../lib/gcc/arm-none-eabi/4.8.4/../../../../arm-none-eabi/lib/armv6-m\libnosys.a(_exit.o)

.stabstr        0x00000000      0x14d
 .stabstr       0x00000000      0x14d c:/freescale/kds_v3/toolchain/bin/../lib/gcc/arm-none-eabi/4.8.4/../../../../arm-none-eabi/lib/armv6-m\libnosys.a(close.o)
